// Jest Snapshot v1, https://goo.gl/fbAQLP

exports[`<Tag /> render correctly 1`] = `
<DocumentFragment>
  .c0 {
  display: -webkit-inline-box;
  display: -webkit-inline-flex;
  display: -ms-inline-flexbox;
  display: inline-flex;
  -webkit-flex-direction: row;
  -ms-flex-direction: row;
  flex-direction: row;
  background: #f95e5a;
  border-radius: 13px;
  padding: 2px;
  margin: 2px;
  color: #ffffff;
}

<div
    class="c0"
  >
    Google
  </div>
</DocumentFragment>
`;
